// Jest Snapshot v1, https://goo.gl/fbAQLP

exports[`Contacts component works as expected matches a snapshot 1`] = `
<ContextConsumer>
  <Component />
</ContextConsumer>
`;
