// Jest Snapshot v1, https://goo.gl/fbAQLP

exports[`Navigation component matches a snapshot 1`] = `
<Route>
  <Component />
</Route>
`;
