// Jest Snapshot v1, https://goo.gl/fbAQLP

exports[`Header component matches a snapshot 1`] = `
<div
  className="Header"
>
  <withRouter(Navigation) />
</div>
`;
