// Jest Snapshot v1, https://goo.gl/fbAQLP

exports[`AddBannerImage works as expected AddBannerImage component matches a snapshot 1`] = `
<BrowserRouter>
  <Router
    history={
      Object {
        "action": "POP",
        "block": [Function],
        "createHref": [Function],
        "go": [Function],
        "goBack": [Function],
        "goForward": [Function],
        "length": 1,
        "listen": [Function],
        "location": Object {
          "hash": "",
          "pathname": "/",
          "search": "",
          "state": undefined,
        },
        "push": [Function],
        "replace": [Function],
      }
    }
  >
    <withRouter(AppContextProvider)>
      <Route>
        <AppContextProvider
          history={
            Object {
              "action": "POP",
              "block": [Function],
              "createHref": [Function],
              "go": [Function],
              "goBack": [Function],
              "goForward": [Function],
              "length": 1,
              "listen": [Function],
              "location": Object {
                "hash": "",
                "pathname": "/",
                "search": "",
                "state": undefined,
              },
              "push": [Function],
              "replace": [Function],
            }
          }
          location={
            Object {
              "hash": "",
              "pathname": "/",
              "search": "",
              "state": undefined,
            }
          }
          match={
            Object {
              "isExact": true,
              "params": Object {},
              "path": "/",
              "url": "/",
            }
          }
        >
          <AddBannerImage>
            <form
              className="AddGalleryImage form"
              onSubmit={[Function]}
            >
              <div
                className="form-control product-images"
              >
                <p
                  className="gallery-info"
                >
                  Number of banner images: 
                   
                  0
                </p>
                <hr />
                <label
                  className="accent"
                >
                  Add new banner image:
                </label>
                <br />
                <div
                  className="input-wrapper"
                >
                  <input
                    onChange={[Function]}
                    type="file"
                  />
                </div>
              </div>
              <button
                type="submit"
              >
                SUBMIT
              </button>
            </form>
          </AddBannerImage>
        </AppContextProvider>
      </Route>
    </withRouter(AppContextProvider)>
  </Router>
</BrowserRouter>
`;
