// Jest Snapshot v1, https://goo.gl/fbAQLP

exports[`AppContext works as expected AppContext matches a snapshot 1`] = `
<Route>
  <Component />
</Route>
`;
